first[48;2;255;0;0msecond                                                                     [49m
     second second second second second second second second second second
     second second second second second
third
fourthfifth
