[38;2;255;55;56m[SUBMIT][39m
[38;2;255;55;56m[][39m
[38;2;255;55;56m[RESET][39m
[38;2;255;55;56m[][39m
