0ch
[48;2;255;0;0m4ch [49m
[48;2;255;0;0m2c[49mh
[48;2;255;0;0m2c[49mh
[48;2;255;0;0m3ch[49m
[48;2;255;0;0m8ch     [49m
[48;2;255;0;0m1[49mch
[48;2;255;0;0m2c[49mh
[48;2;255;0;0m1[49mch
[38;2;255;40;40mred[39m
[38;2;255;40;40mred[39m
[38;2;255;40;40mred[39m
[38;2;255;40;40mred[39m
[48;2;255;0;0mtest                [49m
[48;2;255;0;0mtest                [49m
[48;2;255;0;0mtest                [49m
[48;2;255;0;0mtest                [49m
[48;2;255;0;0mtest                [49m
test
red
