floattest test test test test
floatfloat                         float
float
