[48;2;255;0;0m                    [49m
[48;2;255;0;0m               right[49m
[48;2;255;0;0mtest                [49m
[38;2;104;104;104m[48;2;220;220;220m                    [39m[49m
[38;2;104;104;104m[48;2;220;220;220m               right[39m[49m
[38;2;104;104;104m[48;2;220;220;220m                    [39m[49m
[38;2;104;104;104m[48;2;220;220;220m                    [39m[49m
[38;2;104;104;104m[48;2;220;220;220mtest                [39m[49m
[48;2;0;0;255m                    [49m
[48;2;0;0;255m               right[49m
[48;2;0;0;255m                    [49m
[48;2;0;0;255m                    [49m
[48;2;0;0;255mtest                [49m
[48;2;128;0;128m                    [49m
[48;2;128;0;128m               right[49m
[48;2;128;0;128m                    [49m
[48;2;128;0;128m                    [49m
[48;2;128;0;128m                    [49m
[48;2;128;0;128mtest                [49m
[38;2;109;109;109m[48;2;255;255;0m                    [39m[49m
[38;2;109;109;109m[48;2;255;255;0m                    [39m[49m
[38;2;109;109;109m[48;2;255;255;0m                    [39m[49m
[38;2;109;109;109m[48;2;255;255;0mtest            test[39m[49m
[48;2;165;42;42m                    [49m
[48;2;165;42;42mtest            test[49m
[48;2;165;42;42m                    [49m
[48;2;165;42;42mtest                [49m
[38;2;57;57;57m[48;2;255;165;0m                    [39m[49m
[38;2;57;57;57m[48;2;255;165;0m                    [39m[49m
[38;2;57;57;57m[48;2;255;165;0m                    [39m[49m
[38;2;57;57;57m[48;2;255;165;0mtest                [39m[49m










????
[48;2;255;0;0m                    [49m
[48;2;0;0;255m               right[49m
[48;2;0;0;255m                    [49m
[48;2;0;0;255mtest                [49m
