


one   [48;2;0;0;255m?                   [49m         [48;2;0;0;255m?                   [49m       ??
      [48;2;0;0;255m                    [49m         [48;2;0;0;255m                    [49m
      [48;2;0;0;255m                    [49m         [48;2;0;0;255m                    [49m
      [48;2;0;0;255m                    [49m         [48;2;0;0;255m                    [49m
      [48;2;0;0;255m                    [49m         [48;2;0;0;255m                    [49m
      [48;2;0;0;255m                    [49m         [48;2;0;0;255m                    [49m
      [48;2;0;0;255m                    [49m         [48;2;0;0;255m                    [49m
      [48;2;0;0;255m                    [49m         [48;2;0;0;255m                    [49m
      [48;2;0;0;255m                    [49m         [48;2;0;0;255m                    [49m
      [48;2;0;0;255m                    [49m         [48;2;0;0;255m                    [49m




     [48;2;0;128;0m?                   [49m
     [48;2;0;128;0m                    [49m
     [48;2;0;128;0m                    [49m
     [48;2;0;128;0m                    [49m
     [48;2;0;128;0m                    [49m
     [48;2;0;128;0m                    [49m
     [48;2;0;128;0m                    [49m
     [48;2;0;128;0m                    [49m
     [48;2;0;128;0m                    [49m
     [48;2;0;128;0m                    [49m
     [48;2;0;128;0m                    [49mw
      [48;2;255;0;0m?                   [49m w two
      [48;2;255;0;0m                    [49m
      [48;2;255;0;0m                    [49m
      [48;2;255;0;0m                    [49m
      [48;2;255;0;0m                    [49m
      [48;2;255;0;0m                    [49m
      [48;2;255;0;0m                    [49m
      [48;2;255;0;0m                    [49m
      [48;2;255;0;0m                    [49m
      [48;2;255;0;0m                    [49m
