[33m[ç”²]test[39m
  1. 1 1
[33m[ä¹™]test[39m
  2. 2 2
  3. 3 3
  4. 4 4
  5. 5 5
  6. 6 6
  7. 7 7
  1. 1 1
  2. 2 2
  3. 3 3
  4. 4 4
  5. 5 5
[33m[ä¸™]test[39m
