[48;2;255;0;0m1111 1111    [38;2;95;95;95m[48;2;255;192;203mtest test test test test   [39m[49m
[48;2;255;0;0m1111 1111    [38;2;95;95;95m[48;2;255;192;203mtest test test test test   [39m[49m
[48;2;255;0;0m1111 1111    [38;2;95;95;95m[48;2;255;192;203mtest test test test test   [39m[49m
[48;2;255;0;0m1111 1111    [38;2;95;95;95m[48;2;255;192;203mtest test                  [39m[49m
[48;2;255;0;0m1111         [38;2;95;95;95m[48;2;255;192;203m                           [39m[49m
