test test test test test  test test test test test test test test test test last
test test test test       test test test test test test test
