[48;2;255;0;0mfloat float float[49m                                                      test[48;2;255;0;0mfloat[49m
