measure me
but not me     right
clear right
now what?
