
test           [48;2;255;0;0mright[49m
test           [48;2;255;0;0m     [49m
               [48;2;255;0;0m     [49m
test test test [48;2;255;0;0m     [49m
test
