[48;2;128;0;128m [48;2;0;0;255mtest test test                                                                [48;2;128;0;128m [49m
