testing testingtest
               test
test
test
