[48;2;255;0;0mtest                                                                            [49m
[48;2;255;0;0m                                                                                [49m

test 2
