[38;2;255;40;40mtest[39m
[38;2;255;40;40mtest[39m
[38;2;255;40;40mtest[39mtest
