before [48;2;255;0;0mt[49m
carthago delenda
[48;2;255;0;0m          est[49m
[48;2;255;0;0mhello[49m after
