[48;2;255;0;0mtest test test test   [49m
                   where
                   am I?
