test1 test4
test2
test3
test2                                   test3test1 test4
