                                                                           right
[48;2;128;0;128m                                                                                [49m
[48;2;255;0;0mtest test test test test test test test test test test test test test test test [49mtest test test test test test test test test test test test test test test 
[48;2;128;0;128m                                                                                [49m
