      ああ
 test ああ
 test ああ
      ああ
 test ああああああああ
 test
 test aaaaaaaaaaaaaaaa
 test
      aaaaa
 test aaaaa
 test aaaaa
      a
      a-a-
      a-a-
      a-a-
 test a-a-
 test a-a-
      a-a-
      a-a-
      a-a
