[38;2;255;40;40mtest[39m
[38;2;41;169;42mtest[39m
[38;2;88;87;255mtest[39m
[38;2;191;64;191mtest[39m
