
  ○ -1
  ○ 0
  ○ 1

-1. -1
 0. 0
 1. 1

-1. -1
 0. 0
 1. 1

 2. 2
 3. 3
 4. 4

 1. 2
 2. 3
 3. 4

48. 2
47. 3
46. 4
