spacer

    left, right: 2em
    top, bottom: 1em.

spacer
                                             width: 10em
                                             left, right: auto
                                             top, bottom: 0
