wtf?


hi from right


  hi from
  left
hi in center
