
  â€¢ [33mtest           [39m
                   
                   
                   
                   


â€¢ [33mtest             a[39m
                  
                  
                  
                  
