[48;2;255;0;0m    [48;2;128;0;128m                                                                            [49m
[48;2;255;0;0m    [48;2;128;0;128m                                                                            [49m
