flex item 1[48;2;255;0;0ma[38;2;95;95;95m[48;2;255;192;203m [39m[49m
