
test
test
test
test
test
test

footer footer footer footer
