[48;2;255;0;0m„ÅÜ „ÅÑ                                                                           [49m
[38;2;164;164;255m[48;2;255;0;0ma[39m [38;2;118;246;119m„ÅÜ[39m                                                                            [49m
[38;2;191;64;191m„ÅÜ [38;2;255;192;203ma[39m
[38;2;191;64;191m„ÅÜ [38;2;255;40;40ma[39m
[38;2;191;64;191m„ÅÜ [38;2;255;255;0ma[39m
