[48;2;255;0;0masdf           [48;2;128;0;128mtest test test [49m
[48;2;128;0;128m               test test test [49m
[48;2;128;0;128m               test test test [49m
[48;2;128;0;128m               test test test [49m
[48;2;128;0;128m               test test      [49m
