test \test/ \atestb/
1inc
2inc
3inc
4inc
5inc
6inc
7inc
