test             right
flush
test test test right 2
