[38;2;41;169;42mtest[39m
[38;2;41;169;42mtest[39m
