 [48;2;255;0;0mtest[49m
 [48;2;255;0;0ma   [49m
 [48;2;255;0;0mtest [49m
 [48;2;255;0;0ma    [49m
 [48;2;255;0;0mtest [49m
 [48;2;255;0;0ma    [49m
 [48;2;255;0;0mtest [49m
 [48;2;255;0;0ma    [49m
