                 Lorem ipsum dolor sit amet, in pri debet
                 blandit, ius an idque voluptaria, vidit
                 phaedrum definitionem his ne.
