 test test
      test
[48;2;255;0;0m [49mtest

[48;2;255;0;0m [49m
 test
[48;2;255;0;0m    [49m
[48;2;255;0;0m    [49m
[48;2;255;0;0m    [49m
testtest
test
test
