 test
 test
 test
after table
 test
 test
 test


after table 2
