[38;2;255;255;255m[48;2;128;0;128mpurple[39m                                                                          [49m
[38;2;255;40;40mtest[39m 
[38;2;255;224;234m[48;2;128;128;128mtest2[39m                                                                           [49m
